// Jest Snapshot v1, https://goo.gl/fbAQLP

exports[`Manifest Entitlements List renders correctly 1`] = `
<div>
  <table
    aria-label="Allocations table"
    class="sub-c-table-manifests-entitlement-list pf-c-table pf-m-grid-md pf-m-compact pf-m-no-border-rows pf-m-nested"
    data-ouia-component-id="entitlementTable/abc123"
    data-ouia-component-type="PF4/Table"
    data-ouia-safe="true"
    role="grid"
  >
    <thead
      class=""
    >
      <tr
        class=""
        data-ouia-component-id="entitlementTable/abc123/head"
        data-ouia-component-type="PF4/TableRow"
        data-ouia-safe="true"
      >
        <th
          class=""
          scope="col"
        >
          Subscription name
        </th>
        <th
          class=""
          scope="col"
        >
          SKU
        </th>
        <th
          class=""
          scope="col"
        >
          Contract number
        </th>
        <th
          class=""
          scope="col"
        >
          Quantity
        </th>
        <th
          class=""
          scope="col"
        >
          Start date
        </th>
        <th
          class=""
          scope="col"
        >
          End date
        </th>
      </tr>
    </thead>
    <tbody
      class=""
      role="rowgroup"
    >
      <tr
        class=""
        data-ouia-component-id="entitlementTable/abc123/row0"
        data-ouia-component-type="PF4/TableRow"
        data-ouia-safe="true"
      >
        <td
          class=""
        />
        <td
          class=""
        >
          sku123
        </td>
        <td
          class=""
        >
          12345
        </td>
        <td
          class=""
        >
          10
        </td>
        <td
          class=""
        >
          2021-01-01
        </td>
        <td
          class=""
        >
          2022-01-01
        </td>
      </tr>
    </tbody>
  </table>
</div>
`;

exports[`Manifest Entitlements List renders correctly when no entitlements are attached to the manifest 1`] = `
<div>
  <div
    class="sub-no-entitlements-reason"
  >
    <p
      tabindex="0"
    >
      No Entitlements are attached to the Allocation
    </p>
  </div>
</div>
`;

exports[`Manifest Entitlements List renders loading when loading 1`] = `
<div>
  <div
    class="sub-entitlement-list-loading-container"
  >
    <div
      class="pf-l-bullseye"
    >
      <span
        aria-valuetext="Loading..."
        class="pf-c-spinner pf-m-xl"
        role="progressbar"
      >
        <span
          class="pf-c-spinner__clipper"
        />
        <span
          class="pf-c-spinner__lead-ball"
        />
        <span
          class="pf-c-spinner__tail-ball"
        />
      </span>
    </div>
  </div>
</div>
`;

exports[`Manifest Entitlements List renders with an error message when the API call fails 1`] = `
<div>
  <div
    class="sub-no-entitlements-reason"
  >
    <p
      tabindex="0"
    >
      No Entitlements are attached to the Allocation
    </p>
  </div>
</div>
`;
